Mon Mar 21 10:01:36 CDT 2016
compute-0-9.local
Mon Mar 21 10:50:30 CDT 2016
