Fri Mar 25 19:57:06 CDT 2016
compute-0-11.local
Sat Mar 26 01:07:34 CDT 2016
