Mon Mar 21 10:01:51 CDT 2016
compute-0-11.local
Mon Mar 21 12:00:00 CDT 2016
