Mon Mar 21 10:01:51 CDT 2016
compute-0-11.local
Mon Mar 21 11:37:39 CDT 2016
