Mon Mar 21 10:01:36 CDT 2016
compute-0-9.local
Mon Mar 21 11:13:10 CDT 2016
